../Drivers/STM32H5xx_HAL_Driver/Src/stm32h5xx_hal_cortex.c:188:6:HAL_NVIC_SetPriorityGrouping	0	static
../Drivers/STM32H5xx_HAL_Driver/Src/stm32h5xx_hal_cortex.c:211:6:HAL_NVIC_SetPriority	12	static
../Drivers/STM32H5xx_HAL_Driver/Src/stm32h5xx_hal_cortex.c:234:6:HAL_NVIC_EnableIRQ	0	static,ignoring_inline_asm
../Drivers/STM32H5xx_HAL_Driver/Src/stm32h5xx_hal_cortex.c:251:6:HAL_NVIC_DisableIRQ	0	static,ignoring_inline_asm
../Drivers/STM32H5xx_HAL_Driver/Src/stm32h5xx_hal_cortex.c:264:6:HAL_NVIC_SystemReset	0	static,ignoring_inline_asm
../Drivers/STM32H5xx_HAL_Driver/Src/stm32h5xx_hal_cortex.c:274:10:HAL_NVIC_GetPriorityGrouping	0	static
../Drivers/STM32H5xx_HAL_Driver/Src/stm32h5xx_hal_cortex.c:302:6:HAL_NVIC_GetPriority	16	static
../Drivers/STM32H5xx_HAL_Driver/Src/stm32h5xx_hal_cortex.c:319:6:HAL_NVIC_SetPendingIRQ	0	static
../Drivers/STM32H5xx_HAL_Driver/Src/stm32h5xx_hal_cortex.c:335:10:HAL_NVIC_GetPendingIRQ	0	static
../Drivers/STM32H5xx_HAL_Driver/Src/stm32h5xx_hal_cortex.c:349:6:HAL_NVIC_ClearPendingIRQ	0	static
../Drivers/STM32H5xx_HAL_Driver/Src/stm32h5xx_hal_cortex.c:364:10:HAL_NVIC_GetActive	0	static
../Drivers/STM32H5xx_HAL_Driver/Src/stm32h5xx_hal_cortex.c:397:10:HAL_SYSTICK_Config	0	static
../Drivers/STM32H5xx_HAL_Driver/Src/stm32h5xx_hal_cortex.c:428:6:HAL_SYSTICK_CLKSourceConfig	0	static
../Drivers/STM32H5xx_HAL_Driver/Src/stm32h5xx_hal_cortex.c:467:10:HAL_SYSTICK_GetCLKSourceConfig	0	static
../Drivers/STM32H5xx_HAL_Driver/Src/stm32h5xx_hal_cortex.c:518:13:HAL_SYSTICK_Callback	0	static
../Drivers/STM32H5xx_HAL_Driver/Src/stm32h5xx_hal_cortex.c:509:6:HAL_SYSTICK_IRQHandler	8	static
../Drivers/STM32H5xx_HAL_Driver/Src/stm32h5xx_hal_cortex.c:555:6:HAL_MPU_Enable	0	static,ignoring_inline_asm
../Drivers/STM32H5xx_HAL_Driver/Src/stm32h5xx_hal_cortex.c:604:6:HAL_MPU_Disable	0	static,ignoring_inline_asm
../Drivers/STM32H5xx_HAL_Driver/Src/stm32h5xx_hal_cortex.c:648:6:HAL_MPU_EnableRegion	0	static
../Drivers/STM32H5xx_HAL_Driver/Src/stm32h5xx_hal_cortex.c:686:6:HAL_MPU_DisableRegion	0	static
../Drivers/STM32H5xx_HAL_Driver/Src/stm32h5xx_hal_cortex.c:724:6:HAL_MPU_ConfigRegion	0	static,ignoring_inline_asm
../Drivers/STM32H5xx_HAL_Driver/Src/stm32h5xx_hal_cortex.c:748:6:HAL_MPU_ConfigMemoryAttributes	8	static,ignoring_inline_asm
