../Drivers/STM32H5xx_HAL_Driver/Src/stm32h5xx_hal_dma.c:242:19:HAL_DMA_Init	16	static
../Drivers/STM32H5xx_HAL_Driver/Src/stm32h5xx_hal_dma.c:337:19:HAL_DMA_DeInit	16	static
../Drivers/STM32H5xx_HAL_Driver/Src/stm32h5xx_hal_dma.c:477:19:HAL_DMA_Start	12	static
../Drivers/STM32H5xx_HAL_Driver/Src/stm32h5xx_hal_dma.c:538:19:HAL_DMA_Start_IT	12	static
../Drivers/STM32H5xx_HAL_Driver/Src/stm32h5xx_hal_dma.c:616:19:HAL_DMA_Abort	16	static
../Drivers/STM32H5xx_HAL_Driver/Src/stm32h5xx_hal_dma.c:708:19:HAL_DMA_Abort_IT	0	static
../Drivers/STM32H5xx_HAL_Driver/Src/stm32h5xx_hal_dma.c:744:19:HAL_DMA_PollForTransfer	24	static
../Drivers/STM32H5xx_HAL_Driver/Src/stm32h5xx_hal_dma.c:916:6:HAL_DMA_IRQHandler	8	static
../Drivers/STM32H5xx_HAL_Driver/Src/stm32h5xx_hal_dma.c:1152:19:HAL_DMA_RegisterCallback	8	static
../Drivers/STM32H5xx_HAL_Driver/Src/stm32h5xx_hal_dma.c:1231:19:HAL_DMA_UnRegisterCallback	0	static
../Drivers/STM32H5xx_HAL_Driver/Src/stm32h5xx_hal_dma.c:1339:22:HAL_DMA_GetState	0	static
../Drivers/STM32H5xx_HAL_Driver/Src/stm32h5xx_hal_dma.c:1351:10:HAL_DMA_GetError	0	static
../Drivers/STM32H5xx_HAL_Driver/Src/stm32h5xx_hal_dma.c:1395:19:HAL_DMA_ConfigChannelAttributes	0	static
../Drivers/STM32H5xx_HAL_Driver/Src/stm32h5xx_hal_dma.c:1483:19:HAL_DMA_GetConfigChannelAttributes	8	static
../Drivers/STM32H5xx_HAL_Driver/Src/stm32h5xx_hal_dma.c:1563:19:HAL_DMA_GetLockChannelAttributes	0	static
